[debug] > Exec(early(addDefaultCommands), None, None)
[debug] > Exec(addDefaultCommands, None, None)
[debug] > Exec(early(initialize), None, None)
[debug] > Exec(initialize, None, None)
[debug] > Exec(boot, None, None)
[debug] > Exec(writeSbtVersion, None, None)
[debug] > Exec(reload, None, None)
[debug] > Exec(sbtStashOnFailure, None, None)
[debug] > Exec(onFailure loadFailed, None, None)
[debug] > Exec(loadp, None, None)
[info] welcome to sbt 2.0.9 (Amazon.com Inc. Java 25.0.4)
[debug] Load.defaultLoad until apply took 46.671396ms
[debug]           Load.loadUnit: plugins took 24.437876ms
[debug]           Load.loadUnit: defsScala took 0.138931ms
[debug] [Loading] Scanning directory /home/vdrake6/dotty-rs/tools/tasty-baseline/project
[debug] [Loading] Found non-root projects 
[debug] [Loading] Done in /home/vdrake6/dotty-rs/tools/tasty-baseline/project, returning: ()
[debug] deducing auto plugins based on known facts Set(Atom(sbt.plugins.CorePlugin)) and clauses Clauses(Clause(Atom(sbt.plugins.JvmPlugin),Set(Atom(sbt.plugins.IvyPlugin)))
[debug] Clause(Atom(sbt.ScriptedPlugin),Set(Atom(sbt.plugins.JvmPlugin)))
[debug] Clause(Atom(sbt.plugins.SbtPlugin),Set(Atom(sbt.ScriptedPlugin)))
[debug] Clause(Atom(sbt.plugins.SemanticdbPlugin),Set(Atom(sbt.plugins.JvmPlugin)))
[debug] Clause(Atom(sbt.plugins.JUnitXmlReportPlugin),Set(Atom(sbt.plugins.JvmPlugin)))
[debug] Clause(Atom(sbt.plugins.DependencyTreePlugin),Set(Atom(sbt.plugins.JvmPlugin)))
[debug] Clause(Atom(sbt.plugins.CorePlugin),Set(Atom(sbt.plugins.IvyPlugin)))
[debug] Clause(Atom(sbt.plugins.IvyPlugin),Set(Atom(sbt.plugins.JvmPlugin)))
[debug] Clause(Atom(sbt.plugins.JvmPlugin),Set(Atom(sbt.plugins.SemanticdbPlugin)))
[debug] Clause(Atom(sbt.plugins.JvmPlugin),Set(Atom(sbt.plugins.JUnitXmlReportPlugin)))
[debug] Clause(Atom(sbt.plugins.CorePlugin),Set(Atom(sbt.plugins.Giter8TemplatePlugin)))
[debug] Clause(Atom(sbt.plugins.JvmPlugin),Set(Atom(sbt.plugins.DependencyTreePlugin))))
[debug]   :: deduced result: Matched(sbt.plugins.CorePlugin,sbt.plugins.Giter8TemplatePlugin,sbt.plugins.IvyPlugin,sbt.plugins.JvmPlugin,sbt.plugins.DependencyTreePlugin,sbt.plugins.JUnitXmlReportPlugin,sbt.plugins.SemanticdbPlugin)
[debug] Plugins.deducer#function took 8.385302 ms
[debug]               Load.resolveProjectSettings(tasty-baseline-build) took 18.52398ms
[debug]             Load.loadTransitive: processProject(Project(id tasty-baseline-build, base: /home/vdrake6/dotty-rs/tools/tasty-baseline/project, plugins: List(<none>))) took 32.561736ms
[debug] [Loading] Done in /home/vdrake6/dotty-rs/tools/tasty-baseline/project, returning: (tasty-baseline-build)
[debug]           Load.loadUnit: loadedProjectsRaw took 46.228705ms
[debug]           Load.loadUnit: cleanEvalClasses took 0.226966ms
[debug]         Load.loadUnit(file:/home/vdrake6/dotty-rs/tools/tasty-baseline/project/, ...) took 75.325992ms
[debug]       Load.apply: load took 125.106522ms
[debug]       Load.apply: resolveProjects took 2.485142ms
[debug]       Load.apply: buildConfigurations took 20.329017ms
[debug]       Load.apply: finalTransforms took 5.640221ms
[debug]       Load.apply: config.delegates took 2.097875ms
[debug]       Load.apply: Def.make(settings)... took 195.106381ms
[debug]       Load.apply: structureIndex took 74.218445ms
[debug]       Load.apply: mkStreams took 0.682681ms
[info] loading project definition from /home/vdrake6/dotty-rs/tools/tasty-baseline/project
[debug] Running task... Cancel: Signal, check cycles: false, forcegc: true
[debug]     Load.loadUnit: plugins took 4040.694633ms
[debug]     Load.loadUnit: defsScala took 0.001423ms
[debug] [Loading] Scanning directory /home/vdrake6/dotty-rs/tools/tasty-baseline
[debug]       Load.loadUnit: mkEval took 2.0464ms
[debug] [Loading] Found non-root projects 
[debug] [Loading] Done in /home/vdrake6/dotty-rs/tools/tasty-baseline, returning: ()
[debug] deducing auto plugins based on known facts Set(Atom(sbt.plugins.CorePlugin)) and clauses Clauses(Clause(Atom(sbt.plugins.JvmPlugin),Set(Atom(sbt.plugins.IvyPlugin)))
[debug] Clause(Atom(sbt.ScriptedPlugin),Set(Atom(sbt.plugins.JvmPlugin)))
[debug] Clause(Atom(sbt.plugins.SbtPlugin),Set(Atom(sbt.ScriptedPlugin)))
[debug] Clause(Atom(sbt.plugins.SemanticdbPlugin),Set(Atom(sbt.plugins.JvmPlugin)))
[debug] Clause(Atom(sbt.plugins.JUnitXmlReportPlugin),Set(Atom(sbt.plugins.JvmPlugin)))
[debug] Clause(Atom(sbt.plugins.DependencyTreePlugin),Set(Atom(sbt.plugins.JvmPlugin)))
[debug] Clause(Atom(sbt.plugins.CorePlugin),Set(Atom(sbt.plugins.IvyPlugin)))
[debug] Clause(Atom(sbt.plugins.IvyPlugin),Set(Atom(sbt.plugins.JvmPlugin)))
[debug] Clause(Atom(sbt.plugins.JvmPlugin),Set(Atom(sbt.plugins.SemanticdbPlugin)))
[debug] Clause(Atom(sbt.plugins.JvmPlugin),Set(Atom(sbt.plugins.JUnitXmlReportPlugin)))
[debug] Clause(Atom(sbt.plugins.CorePlugin),Set(Atom(sbt.plugins.Giter8TemplatePlugin)))
[debug] Clause(Atom(sbt.plugins.JvmPlugin),Set(Atom(sbt.plugins.DependencyTreePlugin))))
[debug]   :: deduced result: Matched(sbt.plugins.CorePlugin,sbt.plugins.Giter8TemplatePlugin,sbt.plugins.IvyPlugin,sbt.plugins.JvmPlugin,sbt.plugins.DependencyTreePlugin,sbt.plugins.JUnitXmlReportPlugin,sbt.plugins.SemanticdbPlugin)
[debug] Plugins.deducer#function took 0.47988 ms
[debug]         Load.resolveProjectSettings(tasty-baseline) took 0.259547ms
[debug]       Load.loadTransitive: processProject(Project(id tasty-baseline, base: /home/vdrake6/dotty-rs/tools/tasty-baseline, plugins: List(<none>))) took 0.993584ms
[debug] [Loading] Done in /home/vdrake6/dotty-rs/tools/tasty-baseline, returning: (tasty-baseline)
[debug]     Load.loadUnit: loadedProjectsRaw took 2931.876487ms
[debug]     Load.loadUnit: cleanEvalClasses took 0.494788ms
[debug]   Load.loadUnit(file:/home/vdrake6/dotty-rs/tools/tasty-baseline/, ...) took 6973.73413ms
[debug] Load.apply: load took 6985.398012ms
[debug] Load.apply: resolveProjects took 0.08521ms
[debug] Load.apply: buildConfigurations took 3.265275ms
[debug] Load.apply: finalTransforms took 1.685352ms
[debug] Load.apply: config.delegates took 0.107652ms
[debug] Load.apply: Def.make(settings)... took 34.604097ms
[debug] Load.apply: structureIndex took 12.495071ms
[debug] Load.apply: mkStreams took 0.002215ms
[info] set current project to tasty-baseline (in build file:/home/vdrake6/dotty-rs/tools/tasty-baseline/)
[debug] Running task... Cancel: Signal, check cycles: false, forcegc: true
[debug] > Exec(resumeFromFailure, None, None)
[debug] > Exec(sbtPopOnFailure, None, None)
[debug] > Exec(notifyUsersAboutShell, None, None)
[debug] > Exec(iflast shell, None, None)
[debug] > Exec(shell, None, None)
[debug] sbt server started at local:///tmp/dotty-tasty-sbt-global/server/9fbf7952d2a8f1d56d38/sock
[debug] Writing bsp connection file
[debug] started sbt server
[debug] jsonRpcRequest: JsonRpcRequestMessage(2.0, d5361c21-bc16-4c42-8b9c-a3f97ee7d2aa, sbt/terminalPropertiesQuery, ""})
