[debug] > Exec(sbtStashOnFailure, None, None)
[debug] > Exec(sbtMapExec 40f8aa40-d467-404e-8b2a-32e5ac9b5e47 __f5734024-046c-4026-bc5f-ffb7051842ed, None, None)
[debug] > Exec(compile, Some(__f5734024-046c-4026-bc5f-ffb7051842ed), Some(CommandSource(network-1)))
[debug] jsonRpcNotify: JsonRpcNotificationMessage(2.0, build/logMessage, {"type":4,"message":"Processing sbt/exec"})
[debug] Evaluating tasks: Compile / compile
[debug] Running task... Cancel: Signal, check cycles: false, forcegc: true
[debug] jsonRpcNotify: JsonRpcNotificationMessage(2.0, build/taskStart, {"taskId":{"id":"1","parents":[]},"eventTime":1789583394520,"message":"Compiling tasty-baseline","dataKind":"compile-task","data":{"target":{"uri":"file:/home/vdrake6/dotty-rs/tools/tasty-baseline/#tasty-baseline/Compile"}}})
[info] compiling 1 Scala source to /home/vdrake6/dotty-rs/tools/tasty-baseline/target/out/jvm/scala-3.9.0/tasty-baseline/classes ...
[debug] jsonRpcNotify: JsonRpcNotificationMessage(2.0, build/logMessage, {"type":3,"message":"compiling 1 Scala source to /home/vdrake6/dotty-rs/tools/tasty-baseline/target/out/jvm/scala-3.9.0/tasty-baseline/classes ..."})
[debug] jsonRpcNotify: JsonRpcNotificationMessage(2.0, build/taskProgress, {"taskId":{"id":"1","parents":[]},"eventTime":1789583396299,"message":"Compiling tasty-baseline (10%)","total":30,"progress":10,"dataKind":"compile-progress","data":{"target":{"uri":"file:/home/vdrake6/dotty-rs/tools/tasty-baseline/#tasty-baseline/Compile"}}})
[debug] jsonRpcNotify: JsonRpcNotificationMessage(2.0, build/taskProgress, {"taskId":{"id":"1","parents":[]},"eventTime":1789583396301,"message":"Compiling tasty-baseline (10%)","total":30,"progress":10,"dataKind":"compile-progress","data":{"target":{"uri":"file:/home/vdrake6/dotty-rs/tools/tasty-baseline/#tasty-baseline/Compile"}}})
[debug] jsonRpcNotify: JsonRpcNotificationMessage(2.0, build/taskProgress, {"taskId":{"id":"1","parents":[]},"eventTime":1789583396325,"message":"Compiling tasty-baseline (20%)","total":30,"progress":20,"dataKind":"compile-progress","data":{"target":{"uri":"file:/home/vdrake6/dotty-rs/tools/tasty-baseline/#tasty-baseline/Compile"}}})
[debug] jsonRpcNotify: JsonRpcNotificationMessage(2.0, build/taskProgress, {"taskId":{"id":"1","parents":[]},"eventTime":1789583396325,"message":"Compiling tasty-baseline (20%)","total":30,"progress":20,"dataKind":"compile-progress","data":{"target":{"uri":"file:/home/vdrake6/dotty-rs/tools/tasty-baseline/#tasty-baseline/Compile"}}})
[debug] jsonRpcNotify: JsonRpcNotificationMessage(2.0, build/taskProgress, {"taskId":{"id":"1","parents":[]},"eventTime":1789583396325,"message":"Compiling tasty-baseline (20%)","total":29,"progress":20,"dataKind":"compile-progress","data":{"target":{"uri":"file:/home/vdrake6/dotty-rs/tools/tasty-baseline/#tasty-baseline/Compile"}}})
[debug] jsonRpcNotify: JsonRpcNotificationMessage(2.0, build/taskProgress, {"taskId":{"id":"1","parents":[]},"eventTime":1789583396447,"message":"Compiling tasty-baseline (35%)","total":28,"progress":35,"dataKind":"compile-progress","data":{"target":{"uri":"file:/home/vdrake6/dotty-rs/tools/tasty-baseline/#tasty-baseline/Compile"}}})
[debug] jsonRpcNotify: JsonRpcNotificationMessage(2.0, build/taskProgress, {"taskId":{"id":"1","parents":[]},"eventTime":1789583396449,"message":"Compiling tasty-baseline (35%)","total":28,"progress":35,"dataKind":"compile-progress","data":{"target":{"uri":"file:/home/vdrake6/dotty-rs/tools/tasty-baseline/#tasty-baseline/Compile"}}})
[debug] jsonRpcNotify: JsonRpcNotificationMessage(2.0, build/taskProgress, {"taskId":{"id":"1","parents":[]},"eventTime":1789583396456,"message":"Compiling tasty-baseline (50%)","total":28,"progress":50,"dataKind":"compile-progress","data":{"target":{"uri":"file:/home/vdrake6/dotty-rs/tools/tasty-baseline/#tasty-baseline/Compile"}}})
[debug] jsonRpcNotify: JsonRpcNotificationMessage(2.0, build/taskProgress, {"taskId":{"id":"1","parents":[]},"eventTime":1789583396456,"message":"Compiling tasty-baseline (50%)","total":28,"progress":50,"dataKind":"compile-progress","data":{"target":{"uri":"file:/home/vdrake6/dotty-rs/tools/tasty-baseline/#tasty-baseline/Compile"}}})
[debug] jsonRpcNotify: JsonRpcNotificationMessage(2.0, build/taskProgress, {"taskId":{"id":"1","parents":[]},"eventTime":1789583396528,"message":"Compiling tasty-baseline (60%)","total":28,"progress":60,"dataKind":"compile-progress","data":{"target":{"uri":"file:/home/vdrake6/dotty-rs/tools/tasty-baseline/#tasty-baseline/Compile"}}})
[debug] jsonRpcNotify: JsonRpcNotificationMessage(2.0, build/taskProgress, {"taskId":{"id":"1","parents":[]},"eventTime":1789583396529,"message":"Compiling tasty-baseline (60%)","total":28,"progress":60,"dataKind":"compile-progress","data":{"target":{"uri":"file:/home/vdrake6/dotty-rs/tools/tasty-baseline/#tasty-baseline/Compile"}}})
[debug] jsonRpcNotify: JsonRpcNotificationMessage(2.0, build/taskProgress, {"taskId":{"id":"1","parents":[]},"eventTime":1789583396529,"message":"Compiling tasty-baseline (65%)","total":26,"progress":65,"dataKind":"compile-progress","data":{"target":{"uri":"file:/home/vdrake6/dotty-rs/tools/tasty-baseline/#tasty-baseline/Compile"}}})
[debug] jsonRpcNotify: JsonRpcNotificationMessage(2.0, build/taskProgress, {"taskId":{"id":"1","parents":[]},"eventTime":1789583396720,"message":"Compiling tasty-baseline (80%)","total":25,"progress":80,"dataKind":"compile-progress","data":{"target":{"uri":"file:/home/vdrake6/dotty-rs/tools/tasty-baseline/#tasty-baseline/Compile"}}})
[debug] jsonRpcNotify: JsonRpcNotificationMessage(2.0, build/taskProgress, {"taskId":{"id":"1","parents":[]},"eventTime":1789583396720,"message":"Compiling tasty-baseline (80%)","total":25,"progress":80,"dataKind":"compile-progress","data":{"target":{"uri":"file:/home/vdrake6/dotty-rs/tools/tasty-baseline/#tasty-baseline/Compile"}}})
[debug] jsonRpcNotify: JsonRpcNotificationMessage(2.0, build/taskProgress, {"taskId":{"id":"1","parents":[]},"eventTime":1789583397077,"message":"Compiling tasty-baseline (100%)","total":25,"progress":100,"dataKind":"compile-progress","data":{"target":{"uri":"file:/home/vdrake6/dotty-rs/tools/tasty-baseline/#tasty-baseline/Compile"}}})
[info] done compiling
[debug] jsonRpcNotify: JsonRpcNotificationMessage(2.0, build/logMessage, {"type":3,"message":"done compiling"})
[debug] jsonRpcNotify: JsonRpcNotificationMessage(2.0, build/publishDiagnostics, {"textDocument":{"uri":"file:///home/vdrake6/dotty-rs/tools/tasty-baseline/src/main/scala/dotty/baseline/Main.scala"},"buildTarget":{"uri":"file:/home/vdrake6/dotty-rs/tools/tasty-baseline/#tasty-baseline/Compile"},"diagnostics":[],"reset":true})
[debug] jsonRpcNotify: JsonRpcNotificationMessage(2.0, build/taskFinish, {"taskId":{"id":"1","parents":[]},"eventTime":1789583397145,"message":"Compiled tasty-baseline","status":1,"dataKind":"compile-report","data":{"target":{"uri":"file:/home/vdrake6/dotty-rs/tools/tasty-baseline/#tasty-baseline/Compile"},"errors":0,"warnings":0,"time":2625,"noOp":false}})
[debug] > Exec(sbtCompleteExec 40f8aa40-d467-404e-8b2a-32e5ac9b5e47, None, None)
[debug] > Exec(resumeFromFailure, None, None)
[debug] > Exec(sbtPopOnFailure, None, None)
[debug] > Exec(sbtReportResult 40f8aa40-d467-404e-8b2a-32e5ac9b5e47, Some(40f8aa40-d467-404e-8b2a-32e5ac9b5e47), Some(CommandSource(network-1)))
[debug] jsonRpcNotify: JsonRpcNotificationMessage(2.0, build/logMessage, {"type":4,"message":"Processing sbt/exec"})
[debug] > Exec(shell, None, None)
[debug] jsonRpcNotify: JsonRpcNotificationMessage(2.0, sbt/exec, {"status":"Queued","channelName":"network-1","execId":"1a4a1ee3-d9bf-4cb3-928a-18d210e98ebc","commandQueue":[],"message":"waiting for: shell"})
[debug] jsonRpcNotify: JsonRpcNotificationMessage(2.0, shutdown, [true,null])
[debug] jsonRpcNotify: JsonRpcNotificationMessage(2.0, shutdown, [false,null])
