[debug] > Exec(sbtStashOnFailure, None, None)
[debug] > Exec(sbtMapExec 8e74c057-a071-4d9d-8e4d-085961d44440 __cf57f1f9-684c-49bf-99bc-8c8cd97dffde, None, None)
[debug] > Exec(compile, Some(__cf57f1f9-684c-49bf-99bc-8c8cd97dffde), Some(CommandSource(network-1)))
[debug] jsonRpcNotify: JsonRpcNotificationMessage(2.0, build/logMessage, {"type":4,"message":"Processing sbt/exec"})
[debug] Evaluating tasks: Compile / compile
[debug] Running task... Cancel: Signal, check cycles: false, forcegc: true
[debug] jsonRpcNotify: JsonRpcNotificationMessage(2.0, build/taskStart, {"taskId":{"id":"1","parents":[]},"eventTime":1789583222993,"message":"Compiling tasty-baseline","dataKind":"compile-task","data":{"target":{"uri":"file:/home/vdrake6/dotty-rs/tools/tasty-baseline/#tasty-baseline/Compile"}}})
[info] compiling 1 Scala source to /home/vdrake6/dotty-rs/tools/tasty-baseline/target/out/jvm/scala-3.9.0/tasty-baseline/classes ...
[debug] jsonRpcNotify: JsonRpcNotificationMessage(2.0, build/logMessage, {"type":3,"message":"compiling 1 Scala source to /home/vdrake6/dotty-rs/tools/tasty-baseline/target/out/jvm/scala-3.9.0/tasty-baseline/classes ..."})
[debug] jsonRpcNotify: JsonRpcNotificationMessage(2.0, build/taskProgress, {"taskId":{"id":"1","parents":[]},"eventTime":1789583224635,"message":"Compiling tasty-baseline (10%)","total":30,"progress":10,"dataKind":"compile-progress","data":{"target":{"uri":"file:/home/vdrake6/dotty-rs/tools/tasty-baseline/#tasty-baseline/Compile"}}})
[debug] jsonRpcNotify: JsonRpcNotificationMessage(2.0, build/taskProgress, {"taskId":{"id":"1","parents":[]},"eventTime":1789583224637,"message":"Compiling tasty-baseline (10%)","total":30,"progress":10,"dataKind":"compile-progress","data":{"target":{"uri":"file:/home/vdrake6/dotty-rs/tools/tasty-baseline/#tasty-baseline/Compile"}}})
[debug] jsonRpcNotify: JsonRpcNotificationMessage(2.0, build/taskProgress, {"taskId":{"id":"1","parents":[]},"eventTime":1789583224654,"message":"Compiling tasty-baseline (20%)","total":30,"progress":20,"dataKind":"compile-progress","data":{"target":{"uri":"file:/home/vdrake6/dotty-rs/tools/tasty-baseline/#tasty-baseline/Compile"}}})
[debug] jsonRpcNotify: JsonRpcNotificationMessage(2.0, build/taskProgress, {"taskId":{"id":"1","parents":[]},"eventTime":1789583224654,"message":"Compiling tasty-baseline (20%)","total":30,"progress":20,"dataKind":"compile-progress","data":{"target":{"uri":"file:/home/vdrake6/dotty-rs/tools/tasty-baseline/#tasty-baseline/Compile"}}})
[debug] jsonRpcNotify: JsonRpcNotificationMessage(2.0, build/taskProgress, {"taskId":{"id":"1","parents":[]},"eventTime":1789583224654,"message":"Compiling tasty-baseline (20%)","total":29,"progress":20,"dataKind":"compile-progress","data":{"target":{"uri":"file:/home/vdrake6/dotty-rs/tools/tasty-baseline/#tasty-baseline/Compile"}}})
[debug] jsonRpcNotify: JsonRpcNotificationMessage(2.0, build/taskProgress, {"taskId":{"id":"1","parents":[]},"eventTime":1789583224767,"message":"Compiling tasty-baseline (35%)","total":28,"progress":35,"dataKind":"compile-progress","data":{"target":{"uri":"file:/home/vdrake6/dotty-rs/tools/tasty-baseline/#tasty-baseline/Compile"}}})
[debug] jsonRpcNotify: JsonRpcNotificationMessage(2.0, build/taskProgress, {"taskId":{"id":"1","parents":[]},"eventTime":1789583224769,"message":"Compiling tasty-baseline (35%)","total":28,"progress":35,"dataKind":"compile-progress","data":{"target":{"uri":"file:/home/vdrake6/dotty-rs/tools/tasty-baseline/#tasty-baseline/Compile"}}})
[debug] jsonRpcNotify: JsonRpcNotificationMessage(2.0, build/taskProgress, {"taskId":{"id":"1","parents":[]},"eventTime":1789583224773,"message":"Compiling tasty-baseline (50%)","total":28,"progress":50,"dataKind":"compile-progress","data":{"target":{"uri":"file:/home/vdrake6/dotty-rs/tools/tasty-baseline/#tasty-baseline/Compile"}}})
[debug] jsonRpcNotify: JsonRpcNotificationMessage(2.0, build/taskProgress, {"taskId":{"id":"1","parents":[]},"eventTime":1789583224774,"message":"Compiling tasty-baseline (50%)","total":28,"progress":50,"dataKind":"compile-progress","data":{"target":{"uri":"file:/home/vdrake6/dotty-rs/tools/tasty-baseline/#tasty-baseline/Compile"}}})
[debug] jsonRpcNotify: JsonRpcNotificationMessage(2.0, build/taskProgress, {"taskId":{"id":"1","parents":[]},"eventTime":1789583224842,"message":"Compiling tasty-baseline (60%)","total":28,"progress":60,"dataKind":"compile-progress","data":{"target":{"uri":"file:/home/vdrake6/dotty-rs/tools/tasty-baseline/#tasty-baseline/Compile"}}})
[debug] jsonRpcNotify: JsonRpcNotificationMessage(2.0, build/taskProgress, {"taskId":{"id":"1","parents":[]},"eventTime":1789583224842,"message":"Compiling tasty-baseline (60%)","total":28,"progress":60,"dataKind":"compile-progress","data":{"target":{"uri":"file:/home/vdrake6/dotty-rs/tools/tasty-baseline/#tasty-baseline/Compile"}}})
[debug] jsonRpcNotify: JsonRpcNotificationMessage(2.0, build/taskProgress, {"taskId":{"id":"1","parents":[]},"eventTime":1789583224842,"message":"Compiling tasty-baseline (65%)","total":26,"progress":65,"dataKind":"compile-progress","data":{"target":{"uri":"file:/home/vdrake6/dotty-rs/tools/tasty-baseline/#tasty-baseline/Compile"}}})
[debug] jsonRpcNotify: JsonRpcNotificationMessage(2.0, build/taskProgress, {"taskId":{"id":"1","parents":[]},"eventTime":1789583225029,"message":"Compiling tasty-baseline (80%)","total":25,"progress":80,"dataKind":"compile-progress","data":{"target":{"uri":"file:/home/vdrake6/dotty-rs/tools/tasty-baseline/#tasty-baseline/Compile"}}})
[debug] jsonRpcNotify: JsonRpcNotificationMessage(2.0, build/taskProgress, {"taskId":{"id":"1","parents":[]},"eventTime":1789583225029,"message":"Compiling tasty-baseline (80%)","total":25,"progress":80,"dataKind":"compile-progress","data":{"target":{"uri":"file:/home/vdrake6/dotty-rs/tools/tasty-baseline/#tasty-baseline/Compile"}}})
[debug] jsonRpcNotify: JsonRpcNotificationMessage(2.0, build/taskProgress, {"taskId":{"id":"1","parents":[]},"eventTime":1789583225370,"message":"Compiling tasty-baseline (100%)","total":25,"progress":100,"dataKind":"compile-progress","data":{"target":{"uri":"file:/home/vdrake6/dotty-rs/tools/tasty-baseline/#tasty-baseline/Compile"}}})
[info] done compiling
[debug] jsonRpcNotify: JsonRpcNotificationMessage(2.0, build/logMessage, {"type":3,"message":"done compiling"})
[debug] jsonRpcNotify: JsonRpcNotificationMessage(2.0, build/publishDiagnostics, {"textDocument":{"uri":"file:///home/vdrake6/dotty-rs/tools/tasty-baseline/src/main/scala/dotty/baseline/Main.scala"},"buildTarget":{"uri":"file:/home/vdrake6/dotty-rs/tools/tasty-baseline/#tasty-baseline/Compile"},"diagnostics":[],"reset":true})
[debug] jsonRpcNotify: JsonRpcNotificationMessage(2.0, build/taskFinish, {"taskId":{"id":"1","parents":[]},"eventTime":1789583225435,"message":"Compiled tasty-baseline","status":1,"dataKind":"compile-report","data":{"target":{"uri":"file:/home/vdrake6/dotty-rs/tools/tasty-baseline/#tasty-baseline/Compile"},"errors":0,"warnings":0,"time":2442,"noOp":false}})
[debug] > Exec(sbtCompleteExec 8e74c057-a071-4d9d-8e4d-085961d44440, None, None)
[debug] > Exec(resumeFromFailure, None, None)
[debug] > Exec(sbtPopOnFailure, None, None)
[debug] > Exec(sbtReportResult 8e74c057-a071-4d9d-8e4d-085961d44440, Some(8e74c057-a071-4d9d-8e4d-085961d44440), Some(CommandSource(network-1)))
[debug] jsonRpcNotify: JsonRpcNotificationMessage(2.0, build/logMessage, {"type":4,"message":"Processing sbt/exec"})
[debug] > Exec(shell, None, None)
[debug] jsonRpcNotify: JsonRpcNotificationMessage(2.0, sbt/exec, {"status":"Queued","channelName":"network-1","execId":"5b30b211-7f49-4e0d-8758-13f2044bc06f","commandQueue":[],"message":"waiting for: shell"})
