[debug] > Exec(sbtStashOnFailure, None, None)
[debug] > Exec(sbtMapExec 5fa330b9-5c2e-44e3-90d5-babd799b789c __766108dc-0542-4d4f-8c0a-8a125ce544ea, None, None)
[debug] > Exec(compile, Some(__766108dc-0542-4d4f-8c0a-8a125ce544ea), Some(CommandSource(network-1)))
[debug] jsonRpcNotify: JsonRpcNotificationMessage(2.0, build/logMessage, {"type":4,"message":"Processing sbt/exec"})
[debug] Evaluating tasks: Compile / compile
[debug] Running task... Cancel: Signal, check cycles: false, forcegc: true
[debug] jsonRpcNotify: JsonRpcNotificationMessage(2.0, build/taskStart, {"taskId":{"id":"1","parents":[]},"eventTime":1789583335143,"message":"Compiling tasty-baseline","dataKind":"compile-task","data":{"target":{"uri":"file:/home/vdrake6/dotty-rs/tools/tasty-baseline/#tasty-baseline/Compile"}}})
[info] compiling 1 Scala source to /home/vdrake6/dotty-rs/tools/tasty-baseline/target/out/jvm/scala-3.9.0/tasty-baseline/classes ...
[debug] jsonRpcNotify: JsonRpcNotificationMessage(2.0, build/logMessage, {"type":3,"message":"compiling 1 Scala source to /home/vdrake6/dotty-rs/tools/tasty-baseline/target/out/jvm/scala-3.9.0/tasty-baseline/classes ..."})
[debug] jsonRpcNotify: JsonRpcNotificationMessage(2.0, build/taskProgress, {"taskId":{"id":"1","parents":[]},"eventTime":1789583336895,"message":"Compiling tasty-baseline (10%)","total":30,"progress":10,"dataKind":"compile-progress","data":{"target":{"uri":"file:/home/vdrake6/dotty-rs/tools/tasty-baseline/#tasty-baseline/Compile"}}})
[debug] jsonRpcNotify: JsonRpcNotificationMessage(2.0, build/taskProgress, {"taskId":{"id":"1","parents":[]},"eventTime":1789583336896,"message":"Compiling tasty-baseline (10%)","total":30,"progress":10,"dataKind":"compile-progress","data":{"target":{"uri":"file:/home/vdrake6/dotty-rs/tools/tasty-baseline/#tasty-baseline/Compile"}}})
[debug] jsonRpcNotify: JsonRpcNotificationMessage(2.0, build/taskProgress, {"taskId":{"id":"1","parents":[]},"eventTime":1789583336913,"message":"Compiling tasty-baseline (20%)","total":30,"progress":20,"dataKind":"compile-progress","data":{"target":{"uri":"file:/home/vdrake6/dotty-rs/tools/tasty-baseline/#tasty-baseline/Compile"}}})
[debug] jsonRpcNotify: JsonRpcNotificationMessage(2.0, build/taskProgress, {"taskId":{"id":"1","parents":[]},"eventTime":1789583336914,"message":"Compiling tasty-baseline (20%)","total":30,"progress":20,"dataKind":"compile-progress","data":{"target":{"uri":"file:/home/vdrake6/dotty-rs/tools/tasty-baseline/#tasty-baseline/Compile"}}})
[debug] jsonRpcNotify: JsonRpcNotificationMessage(2.0, build/taskProgress, {"taskId":{"id":"1","parents":[]},"eventTime":1789583336914,"message":"Compiling tasty-baseline (20%)","total":29,"progress":20,"dataKind":"compile-progress","data":{"target":{"uri":"file:/home/vdrake6/dotty-rs/tools/tasty-baseline/#tasty-baseline/Compile"}}})
[debug] jsonRpcNotify: JsonRpcNotificationMessage(2.0, build/taskProgress, {"taskId":{"id":"1","parents":[]},"eventTime":1789583337033,"message":"Compiling tasty-baseline (35%)","total":28,"progress":35,"dataKind":"compile-progress","data":{"target":{"uri":"file:/home/vdrake6/dotty-rs/tools/tasty-baseline/#tasty-baseline/Compile"}}})
[debug] jsonRpcNotify: JsonRpcNotificationMessage(2.0, build/taskProgress, {"taskId":{"id":"1","parents":[]},"eventTime":1789583337035,"message":"Compiling tasty-baseline (35%)","total":28,"progress":35,"dataKind":"compile-progress","data":{"target":{"uri":"file:/home/vdrake6/dotty-rs/tools/tasty-baseline/#tasty-baseline/Compile"}}})
[debug] jsonRpcNotify: JsonRpcNotificationMessage(2.0, build/taskProgress, {"taskId":{"id":"1","parents":[]},"eventTime":1789583337042,"message":"Compiling tasty-baseline (50%)","total":28,"progress":50,"dataKind":"compile-progress","data":{"target":{"uri":"file:/home/vdrake6/dotty-rs/tools/tasty-baseline/#tasty-baseline/Compile"}}})
[debug] jsonRpcNotify: JsonRpcNotificationMessage(2.0, build/taskProgress, {"taskId":{"id":"1","parents":[]},"eventTime":1789583337042,"message":"Compiling tasty-baseline (50%)","total":28,"progress":50,"dataKind":"compile-progress","data":{"target":{"uri":"file:/home/vdrake6/dotty-rs/tools/tasty-baseline/#tasty-baseline/Compile"}}})
[debug] jsonRpcNotify: JsonRpcNotificationMessage(2.0, build/taskProgress, {"taskId":{"id":"1","parents":[]},"eventTime":1789583337121,"message":"Compiling tasty-baseline (60%)","total":28,"progress":60,"dataKind":"compile-progress","data":{"target":{"uri":"file:/home/vdrake6/dotty-rs/tools/tasty-baseline/#tasty-baseline/Compile"}}})
[debug] jsonRpcNotify: JsonRpcNotificationMessage(2.0, build/taskProgress, {"taskId":{"id":"1","parents":[]},"eventTime":1789583337121,"message":"Compiling tasty-baseline (60%)","total":28,"progress":60,"dataKind":"compile-progress","data":{"target":{"uri":"file:/home/vdrake6/dotty-rs/tools/tasty-baseline/#tasty-baseline/Compile"}}})
[debug] jsonRpcNotify: JsonRpcNotificationMessage(2.0, build/taskProgress, {"taskId":{"id":"1","parents":[]},"eventTime":1789583337121,"message":"Compiling tasty-baseline (65%)","total":26,"progress":65,"dataKind":"compile-progress","data":{"target":{"uri":"file:/home/vdrake6/dotty-rs/tools/tasty-baseline/#tasty-baseline/Compile"}}})
[debug] jsonRpcNotify: JsonRpcNotificationMessage(2.0, build/taskProgress, {"taskId":{"id":"1","parents":[]},"eventTime":1789583337290,"message":"Compiling tasty-baseline (80%)","total":25,"progress":80,"dataKind":"compile-progress","data":{"target":{"uri":"file:/home/vdrake6/dotty-rs/tools/tasty-baseline/#tasty-baseline/Compile"}}})
[debug] jsonRpcNotify: JsonRpcNotificationMessage(2.0, build/taskProgress, {"taskId":{"id":"1","parents":[]},"eventTime":1789583337291,"message":"Compiling tasty-baseline (80%)","total":25,"progress":80,"dataKind":"compile-progress","data":{"target":{"uri":"file:/home/vdrake6/dotty-rs/tools/tasty-baseline/#tasty-baseline/Compile"}}})
[debug] jsonRpcNotify: JsonRpcNotificationMessage(2.0, build/taskProgress, {"taskId":{"id":"1","parents":[]},"eventTime":1789583337632,"message":"Compiling tasty-baseline (100%)","total":25,"progress":100,"dataKind":"compile-progress","data":{"target":{"uri":"file:/home/vdrake6/dotty-rs/tools/tasty-baseline/#tasty-baseline/Compile"}}})
[info] done compiling
[debug] jsonRpcNotify: JsonRpcNotificationMessage(2.0, build/logMessage, {"type":3,"message":"done compiling"})
[debug] jsonRpcNotify: JsonRpcNotificationMessage(2.0, build/publishDiagnostics, {"textDocument":{"uri":"file:///home/vdrake6/dotty-rs/tools/tasty-baseline/src/main/scala/dotty/baseline/Main.scala"},"buildTarget":{"uri":"file:/home/vdrake6/dotty-rs/tools/tasty-baseline/#tasty-baseline/Compile"},"diagnostics":[],"reset":true})
[debug] jsonRpcNotify: JsonRpcNotificationMessage(2.0, build/taskFinish, {"taskId":{"id":"1","parents":[]},"eventTime":1789583337697,"message":"Compiled tasty-baseline","status":1,"dataKind":"compile-report","data":{"target":{"uri":"file:/home/vdrake6/dotty-rs/tools/tasty-baseline/#tasty-baseline/Compile"},"errors":0,"warnings":0,"time":2554,"noOp":false}})
[debug] > Exec(sbtCompleteExec 5fa330b9-5c2e-44e3-90d5-babd799b789c, None, None)
[debug] > Exec(resumeFromFailure, None, None)
[debug] > Exec(sbtPopOnFailure, None, None)
[debug] > Exec(sbtReportResult 5fa330b9-5c2e-44e3-90d5-babd799b789c, Some(5fa330b9-5c2e-44e3-90d5-babd799b789c), Some(CommandSource(network-1)))
[debug] jsonRpcNotify: JsonRpcNotificationMessage(2.0, build/logMessage, {"type":4,"message":"Processing sbt/exec"})
[debug] > Exec(shell, None, None)
[debug] jsonRpcNotify: JsonRpcNotificationMessage(2.0, shutdown, [false,null])
