[debug] > Exec(sbtStashOnFailure, None, None)
[debug] > Exec(sbtMapExec b2d20783-079f-4de4-b538-b9519f16cf4a __19797d3d-19a1-4bd6-b9cc-8a6ddada451f, None, None)
[debug] > Exec(compile, Some(__19797d3d-19a1-4bd6-b9cc-8a6ddada451f), Some(CommandSource(network-1)))
[debug] jsonRpcNotify: JsonRpcNotificationMessage(2.0, build/logMessage, {"type":4,"message":"Processing sbt/exec"})
[debug] Evaluating tasks: Compile / compile
[debug] Running task... Cancel: Signal, check cycles: false, forcegc: true
[debug] jsonRpcNotify: JsonRpcNotificationMessage(2.0, build/taskStart, {"taskId":{"id":"1","parents":[]},"eventTime":1789583120514,"message":"Compiling tasty-baseline","dataKind":"compile-task","data":{"target":{"uri":"file:/home/vdrake6/dotty-rs/tools/tasty-baseline/#tasty-baseline/Compile"}}})
[info] compiling 1 Scala source to /home/vdrake6/dotty-rs/tools/tasty-baseline/target/out/jvm/scala-3.9.0/tasty-baseline/classes ...
[debug] jsonRpcNotify: JsonRpcNotificationMessage(2.0, build/logMessage, {"type":3,"message":"compiling 1 Scala source to /home/vdrake6/dotty-rs/tools/tasty-baseline/target/out/jvm/scala-3.9.0/tasty-baseline/classes ..."})
[debug] jsonRpcNotify: JsonRpcNotificationMessage(2.0, build/publishDiagnostics, {"textDocument":{"uri":"file:///home/vdrake6/dotty-rs/tools/tasty-baseline/src/main/scala/dotty/baseline/Main.scala"},"buildTarget":{"uri":"file:/home/vdrake6/dotty-rs/tools/tasty-baseline/#tasty-baseline/Compile"},"diagnostics":[{"range":{"start":{"line":82,"character":19},"end":{"line":82,"character":32}},"severity":1,"code":"8","source":"sbt","message":"value children is not a member of quotes.reflect.Tree","relatedInformation":[]}],"reset":false})
[error] -- [E008] Not Found Error: /home/vdrake6/dotty-rs/tools/tasty-baseline/src/main/scala/dotty/baseline/Main.scala:83:24 
[error] 83 |    val children = tree.children.map(child => fileTreeJson(child))
[error]    |                   ^^^^^^^^^^^^^
[error]    |                   value children is not a member of quotes.reflect.Tree
[debug] jsonRpcNotify: JsonRpcNotificationMessage(2.0, build/logMessage, {"type":1,"message":"\u001b[31m\u001b[31m-- [E008] Not Found Error: /home/vdrake6/dotty-rs/tools/tasty-baseline/src/main/scala/dotty/baseline/Main.scala:83:24 \u001b[0m\u001b[0m\n\u001b[31m83 |\u001b[0m    \u001b[33mval\u001b[0m \u001b[36mchildren\u001b[0m = tree.children.map(\u001b[36mchild\u001b[0m => fileTreeJson(child))\n\u001b[31m\u001b[31m   |\u001b[0m                   ^^^^^^^^^^^^^\u001b[0m\n\u001b[31m   |\u001b[0m                   value children is not a member of quotes.reflect.Tree"})
[debug] jsonRpcNotify: JsonRpcNotificationMessage(2.0, build/publishDiagnostics, {"textDocument":{"uri":"file:///home/vdrake6/dotty-rs/tools/tasty-baseline/src/main/scala/dotty/baseline/Main.scala"},"buildTarget":{"uri":"file:/home/vdrake6/dotty-rs/tools/tasty-baseline/#tasty-baseline/Compile"},"diagnostics":[{"range":{"start":{"line":90,"character":19},"end":{"line":90,"character":32}},"severity":1,"code":"8","source":"sbt","message":"value children is not a member of quotes.reflect.Tree","relatedInformation":[]}],"reset":false})
[error] -- [E008] Not Found Error: /home/vdrake6/dotty-rs/tools/tasty-baseline/src/main/scala/dotty/baseline/Main.scala:91:24 
[error] 91 |    val children = tree.children.map(fileTreeJson)
[error]    |                   ^^^^^^^^^^^^^
[error]    |                   value children is not a member of quotes.reflect.Tree
[debug] jsonRpcNotify: JsonRpcNotificationMessage(2.0, build/logMessage, {"type":1,"message":"\u001b[31m\u001b[31m-- [E008] Not Found Error: /home/vdrake6/dotty-rs/tools/tasty-baseline/src/main/scala/dotty/baseline/Main.scala:91:24 \u001b[0m\u001b[0m\n\u001b[31m91 |\u001b[0m    \u001b[33mval\u001b[0m \u001b[36mchildren\u001b[0m = tree.children.map(fileTreeJson)\n\u001b[31m\u001b[31m   |\u001b[0m                   ^^^^^^^^^^^^^\u001b[0m\n\u001b[31m   |\u001b[0m                   value children is not a member of quotes.reflect.Tree"})
[debug] jsonRpcNotify: JsonRpcNotificationMessage(2.0, build/taskProgress, {"taskId":{"id":"1","parents":[]},"eventTime":1789583122764,"message":"Compiling tasty-baseline (10%)","total":30,"progress":10,"dataKind":"compile-progress","data":{"target":{"uri":"file:/home/vdrake6/dotty-rs/tools/tasty-baseline/#tasty-baseline/Compile"}}})
[debug] jsonRpcNotify: JsonRpcNotificationMessage(2.0, build/taskProgress, {"taskId":{"id":"1","parents":[]},"eventTime":1789583122765,"message":"Compiling tasty-baseline (10%)","total":30,"progress":10,"dataKind":"compile-progress","data":{"target":{"uri":"file:/home/vdrake6/dotty-rs/tools/tasty-baseline/#tasty-baseline/Compile"}}})
[debug] jsonRpcNotify: JsonRpcNotificationMessage(2.0, build/taskProgress, {"taskId":{"id":"1","parents":[]},"eventTime":1789583122766,"message":"Compiling tasty-baseline (15%)","total":26,"progress":15,"dataKind":"compile-progress","data":{"target":{"uri":"file:/home/vdrake6/dotty-rs/tools/tasty-baseline/#tasty-baseline/Compile"}}})
[debug] jsonRpcNotify: JsonRpcNotificationMessage(2.0, build/taskProgress, {"taskId":{"id":"1","parents":[]},"eventTime":1789583122766,"message":"Compiling tasty-baseline (20%)","total":20,"progress":20,"dataKind":"compile-progress","data":{"target":{"uri":"file:/home/vdrake6/dotty-rs/tools/tasty-baseline/#tasty-baseline/Compile"}}})
[debug] jsonRpcNotify: JsonRpcNotificationMessage(2.0, build/taskProgress, {"taskId":{"id":"1","parents":[]},"eventTime":1789583122767,"message":"Compiling tasty-baseline (25%)","total":16,"progress":25,"dataKind":"compile-progress","data":{"target":{"uri":"file:/home/vdrake6/dotty-rs/tools/tasty-baseline/#tasty-baseline/Compile"}}})
[debug] jsonRpcNotify: JsonRpcNotificationMessage(2.0, build/taskProgress, {"taskId":{"id":"1","parents":[]},"eventTime":1789583122767,"message":"Compiling tasty-baseline (30%)","total":13,"progress":30,"dataKind":"compile-progress","data":{"target":{"uri":"file:/home/vdrake6/dotty-rs/tools/tasty-baseline/#tasty-baseline/Compile"}}})
[debug] jsonRpcNotify: JsonRpcNotificationMessage(2.0, build/taskProgress, {"taskId":{"id":"1","parents":[]},"eventTime":1789583122767,"message":"Compiling tasty-baseline (40%)","total":10,"progress":40,"dataKind":"compile-progress","data":{"target":{"uri":"file:/home/vdrake6/dotty-rs/tools/tasty-baseline/#tasty-baseline/Compile"}}})
[debug] jsonRpcNotify: JsonRpcNotificationMessage(2.0, build/taskProgress, {"taskId":{"id":"1","parents":[]},"eventTime":1789583122767,"message":"Compiling tasty-baseline (50%)","total":8,"progress":50,"dataKind":"compile-progress","data":{"target":{"uri":"file:/home/vdrake6/dotty-rs/tools/tasty-baseline/#tasty-baseline/Compile"}}})
[debug] jsonRpcNotify: JsonRpcNotificationMessage(2.0, build/taskProgress, {"taskId":{"id":"1","parents":[]},"eventTime":1789583122767,"message":"Compiling tasty-baseline (80%)","total":5,"progress":80,"dataKind":"compile-progress","data":{"target":{"uri":"file:/home/vdrake6/dotty-rs/tools/tasty-baseline/#tasty-baseline/Compile"}}})
[error] two errors found
[debug] jsonRpcNotify: JsonRpcNotificationMessage(2.0, build/logMessage, {"type":1,"message":"two errors found"})
[debug] jsonRpcNotify: JsonRpcNotificationMessage(2.0, build/publishDiagnostics, {"textDocument":{"uri":"file:///home/vdrake6/dotty-rs/tools/tasty-baseline/src/main/scala/dotty/baseline/Main.scala"},"buildTarget":{"uri":"file:/home/vdrake6/dotty-rs/tools/tasty-baseline/#tasty-baseline/Compile"},"diagnostics":[{"range":{"start":{"line":82,"character":19},"end":{"line":82,"character":32}},"severity":1,"code":"8","source":"sbt","message":"value children is not a member of quotes.reflect.Tree","relatedInformation":[]},{"range":{"start":{"line":90,"character":19},"end":{"line":90,"character":32}},"severity":1,"code":"8","source":"sbt","message":"value children is not a member of quotes.reflect.Tree","relatedInformation":[]}],"reset":true})
[debug] jsonRpcNotify: JsonRpcNotificationMessage(2.0, build/taskFinish, {"taskId":{"id":"1","parents":[]},"eventTime":1789583122783,"message":"Compiled tasty-baseline","status":2,"dataKind":"compile-report","data":{"target":{"uri":"file:/home/vdrake6/dotty-rs/tools/tasty-baseline/#tasty-baseline/Compile"},"errors":2,"warnings":0,"time":2269}})
[error] (Compile / compileIncremental) Compilation failed
[debug] jsonRpcNotify: JsonRpcNotificationMessage(2.0, build/logMessage, {"type":1,"message":"(Compile / compileIncremental) Compilation failed"})
[debug] jsonRpcNotify: JsonRpcNotificationMessage(2.0, sbt/exec, {"status":"Queued","channelName":"network-1","execId":"99f41a21-ebbe-4345-ab6b-d4e676752333","commandQueue":[],"message":"waiting for: compile"})
[debug] jsonRpcNotify: JsonRpcNotificationMessage(2.0, shutdown, [false,null])
[debug] jsonRpcNotify: JsonRpcNotificationMessage(2.0, shutdown, [true,null])
