[debug] > Exec(early(addDefaultCommands), None, None)
[debug] > Exec(addDefaultCommands, None, None)
[debug] > Exec(early(initialize), None, None)
[debug] > Exec(initialize, None, None)
[debug] > Exec(boot, None, None)
[debug] > Exec(writeSbtVersion, None, None)
[debug] > Exec(reload, None, None)
[debug] > Exec(sbtStashOnFailure, None, None)
[debug] > Exec(onFailure loadFailed, None, None)
[debug] > Exec(loadp, None, None)
[info] welcome to sbt 2.0.9 (Amazon.com Inc. Java 25.0.4)
[debug] Load.defaultLoad until apply took 42.549166ms
[debug]           Load.loadUnit: plugins took 19.316235ms
[debug]           Load.loadUnit: defsScala took 0.106841ms
[debug] [Loading] Scanning directory /home/vdrake6/dotty-rs/tools/tasty-baseline/project
[debug] [Loading] Found non-root projects 
[debug] [Loading] Done in /home/vdrake6/dotty-rs/tools/tasty-baseline/project, returning: ()
[debug] deducing auto plugins based on known facts Set(Atom(sbt.plugins.CorePlugin)) and clauses Clauses(Clause(Atom(sbt.plugins.JvmPlugin),Set(Atom(sbt.plugins.IvyPlugin)))
[debug] Clause(Atom(sbt.ScriptedPlugin),Set(Atom(sbt.plugins.JvmPlugin)))
[debug] Clause(Atom(sbt.plugins.SbtPlugin),Set(Atom(sbt.ScriptedPlugin)))
[debug] Clause(Atom(sbt.plugins.SemanticdbPlugin),Set(Atom(sbt.plugins.JvmPlugin)))
[debug] Clause(Atom(sbt.plugins.JUnitXmlReportPlugin),Set(Atom(sbt.plugins.JvmPlugin)))
[debug] Clause(Atom(sbt.plugins.DependencyTreePlugin),Set(Atom(sbt.plugins.JvmPlugin)))
[debug] Clause(Atom(sbt.plugins.CorePlugin),Set(Atom(sbt.plugins.IvyPlugin)))
[debug] Clause(Atom(sbt.plugins.IvyPlugin),Set(Atom(sbt.plugins.JvmPlugin)))
[debug] Clause(Atom(sbt.plugins.JvmPlugin),Set(Atom(sbt.plugins.SemanticdbPlugin)))
[debug] Clause(Atom(sbt.plugins.JvmPlugin),Set(Atom(sbt.plugins.JUnitXmlReportPlugin)))
[debug] Clause(Atom(sbt.plugins.CorePlugin),Set(Atom(sbt.plugins.Giter8TemplatePlugin)))
[debug] Clause(Atom(sbt.plugins.JvmPlugin),Set(Atom(sbt.plugins.DependencyTreePlugin))))
[debug]   :: deduced result: Matched(sbt.plugins.CorePlugin,sbt.plugins.Giter8TemplatePlugin,sbt.plugins.IvyPlugin,sbt.plugins.JvmPlugin,sbt.plugins.DependencyTreePlugin,sbt.plugins.JUnitXmlReportPlugin,sbt.plugins.SemanticdbPlugin)
[debug] Plugins.deducer#function took 6.643553 ms
[debug]               Load.resolveProjectSettings(tasty-baseline-build) took 16.821223ms
[debug]             Load.loadTransitive: processProject(Project(id tasty-baseline-build, base: /home/vdrake6/dotty-rs/tools/tasty-baseline/project, plugins: List(<none>))) took 27.908832ms
[debug] [Loading] Done in /home/vdrake6/dotty-rs/tools/tasty-baseline/project, returning: (tasty-baseline-build)
[debug]           Load.loadUnit: loadedProjectsRaw took 37.217454ms
[debug]           Load.loadUnit: cleanEvalClasses took 0.097273ms
[debug]         Load.loadUnit(file:/home/vdrake6/dotty-rs/tools/tasty-baseline/project/, ...) took 60.318549ms
[debug]       Load.apply: load took 118.260929ms
[debug]       Load.apply: resolveProjects took 3.642232ms
[debug]       Load.apply: buildConfigurations took 26.906142ms
[debug]       Load.apply: finalTransforms took 6.316919ms
[debug]       Load.apply: config.delegates took 2.293011ms
[debug]       Load.apply: Def.make(settings)... took 187.012065ms
[debug]       Load.apply: structureIndex took 67.581753ms
[debug]       Load.apply: mkStreams took 0.600146ms
[info] loading project definition from /home/vdrake6/dotty-rs/tools/tasty-baseline/project
[debug] Running task... Cancel: Signal, check cycles: false, forcegc: true
[debug]     Load.loadUnit: plugins took 781.206412ms
[debug]     Load.loadUnit: defsScala took 0.001423ms
[debug] [Loading] Scanning directory /home/vdrake6/dotty-rs/tools/tasty-baseline
[debug]       Load.loadUnit: mkEval took 1.473755ms
[debug] [Loading] Found non-root projects 
[debug] [Loading] Done in /home/vdrake6/dotty-rs/tools/tasty-baseline, returning: ()
[debug] deducing auto plugins based on known facts Set(Atom(sbt.plugins.CorePlugin)) and clauses Clauses(Clause(Atom(sbt.plugins.JvmPlugin),Set(Atom(sbt.plugins.IvyPlugin)))
[debug] Clause(Atom(sbt.ScriptedPlugin),Set(Atom(sbt.plugins.JvmPlugin)))
[debug] Clause(Atom(sbt.plugins.SbtPlugin),Set(Atom(sbt.ScriptedPlugin)))
[debug] Clause(Atom(sbt.plugins.SemanticdbPlugin),Set(Atom(sbt.plugins.JvmPlugin)))
[debug] Clause(Atom(sbt.plugins.JUnitXmlReportPlugin),Set(Atom(sbt.plugins.JvmPlugin)))
[debug] Clause(Atom(sbt.plugins.DependencyTreePlugin),Set(Atom(sbt.plugins.JvmPlugin)))
[debug] Clause(Atom(sbt.plugins.CorePlugin),Set(Atom(sbt.plugins.IvyPlugin)))
[debug] Clause(Atom(sbt.plugins.IvyPlugin),Set(Atom(sbt.plugins.JvmPlugin)))
[debug] Clause(Atom(sbt.plugins.JvmPlugin),Set(Atom(sbt.plugins.SemanticdbPlugin)))
[debug] Clause(Atom(sbt.plugins.JvmPlugin),Set(Atom(sbt.plugins.JUnitXmlReportPlugin)))
[debug] Clause(Atom(sbt.plugins.CorePlugin),Set(Atom(sbt.plugins.Giter8TemplatePlugin)))
[debug] Clause(Atom(sbt.plugins.JvmPlugin),Set(Atom(sbt.plugins.DependencyTreePlugin))))
[debug]   :: deduced result: Matched(sbt.plugins.CorePlugin,sbt.plugins.Giter8TemplatePlugin,sbt.plugins.IvyPlugin,sbt.plugins.JvmPlugin,sbt.plugins.DependencyTreePlugin,sbt.plugins.JUnitXmlReportPlugin,sbt.plugins.SemanticdbPlugin)
[debug] Plugins.deducer#function took 0.949751 ms
[debug]         Load.resolveProjectSettings(tasty-baseline) took 0.400291ms
[debug]       Load.loadTransitive: processProject(Project(id tasty-baseline, base: /home/vdrake6/dotty-rs/tools/tasty-baseline, plugins: List(<none>))) took 1.824903ms
[debug] [Loading] Done in /home/vdrake6/dotty-rs/tools/tasty-baseline, returning: (tasty-baseline)
[debug]     Load.loadUnit: loadedProjectsRaw took 84.484029ms
[debug]     Load.loadUnit: cleanEvalClasses took 0.631414ms
[debug]   Load.loadUnit(file:/home/vdrake6/dotty-rs/tools/tasty-baseline/, ...) took 866.990138ms
[debug] Load.apply: load took 875.756381ms
[debug] Load.apply: resolveProjects took 0.123412ms
[debug] Load.apply: buildConfigurations took 4.210078ms
[debug] Load.apply: finalTransforms took 1.922786ms
[debug] Load.apply: config.delegates took 0.187432ms
[debug] Load.apply: Def.make(settings)... took 46.05947ms
[debug] Load.apply: structureIndex took 13.934799ms
[debug] Load.apply: mkStreams took 0.002335ms
[info] set current project to tasty-baseline (in build file:/home/vdrake6/dotty-rs/tools/tasty-baseline/)
[debug] Running task... Cancel: Signal, check cycles: false, forcegc: true
[debug] > Exec(resumeFromFailure, None, None)
[debug] > Exec(sbtPopOnFailure, None, None)
[debug] > Exec(notifyUsersAboutShell, None, None)
[debug] > Exec(iflast shell, None, None)
[debug] > Exec(shell, None, None)
[debug] sbt server started at local:///tmp/dotty-tasty-sbt-global/server/9fbf7952d2a8f1d56d38/sock
[debug] Writing bsp connection file
[debug] started sbt server
[debug] jsonRpcRequest: JsonRpcRequestMessage(2.0, da65cf7b-8fb4-434a-8cc0-aa0f0d66f664, sbt/terminalPropertiesQuery, ""})
