[debug] > Exec(sbtStashOnFailure, None, None)
[debug] > Exec(sbtMapExec 7f50717c-8273-4789-873f-9a2d20322dc5 __5bbf7def-ebe3-4b08-a58d-c48a039031ed, None, None)
[debug] > Exec(compile, Some(__5bbf7def-ebe3-4b08-a58d-c48a039031ed), Some(CommandSource(network-1)))
[debug] jsonRpcNotify: JsonRpcNotificationMessage(2.0, build/logMessage, {"type":4,"message":"Processing sbt/exec"})
[debug] Evaluating tasks: Compile / compile
[debug] Running task... Cancel: Signal, check cycles: false, forcegc: true
[debug] jsonRpcNotify: JsonRpcNotificationMessage(2.0, build/taskStart, {"taskId":{"id":"1","parents":[]},"eventTime":1789583160081,"message":"Compiling tasty-baseline","dataKind":"compile-task","data":{"target":{"uri":"file:/home/vdrake6/dotty-rs/tools/tasty-baseline/#tasty-baseline/Compile"}}})
[info] compiling 1 Scala source to /home/vdrake6/dotty-rs/tools/tasty-baseline/target/out/jvm/scala-3.9.0/tasty-baseline/classes ...
[debug] jsonRpcNotify: JsonRpcNotificationMessage(2.0, build/logMessage, {"type":3,"message":"compiling 1 Scala source to /home/vdrake6/dotty-rs/tools/tasty-baseline/target/out/jvm/scala-3.9.0/tasty-baseline/classes ..."})
[debug] jsonRpcNotify: JsonRpcNotificationMessage(2.0, build/taskProgress, {"taskId":{"id":"1","parents":[]},"eventTime":1789583161658,"message":"Compiling tasty-baseline (10%)","total":30,"progress":10,"dataKind":"compile-progress","data":{"target":{"uri":"file:/home/vdrake6/dotty-rs/tools/tasty-baseline/#tasty-baseline/Compile"}}})
[debug] jsonRpcNotify: JsonRpcNotificationMessage(2.0, build/taskProgress, {"taskId":{"id":"1","parents":[]},"eventTime":1789583161659,"message":"Compiling tasty-baseline (10%)","total":30,"progress":10,"dataKind":"compile-progress","data":{"target":{"uri":"file:/home/vdrake6/dotty-rs/tools/tasty-baseline/#tasty-baseline/Compile"}}})
[debug] jsonRpcNotify: JsonRpcNotificationMessage(2.0, build/taskProgress, {"taskId":{"id":"1","parents":[]},"eventTime":1789583161676,"message":"Compiling tasty-baseline (20%)","total":30,"progress":20,"dataKind":"compile-progress","data":{"target":{"uri":"file:/home/vdrake6/dotty-rs/tools/tasty-baseline/#tasty-baseline/Compile"}}})
[debug] jsonRpcNotify: JsonRpcNotificationMessage(2.0, build/taskProgress, {"taskId":{"id":"1","parents":[]},"eventTime":1789583161677,"message":"Compiling tasty-baseline (20%)","total":30,"progress":20,"dataKind":"compile-progress","data":{"target":{"uri":"file:/home/vdrake6/dotty-rs/tools/tasty-baseline/#tasty-baseline/Compile"}}})
[debug] jsonRpcNotify: JsonRpcNotificationMessage(2.0, build/taskProgress, {"taskId":{"id":"1","parents":[]},"eventTime":1789583161677,"message":"Compiling tasty-baseline (20%)","total":29,"progress":20,"dataKind":"compile-progress","data":{"target":{"uri":"file:/home/vdrake6/dotty-rs/tools/tasty-baseline/#tasty-baseline/Compile"}}})
[debug] jsonRpcNotify: JsonRpcNotificationMessage(2.0, build/taskProgress, {"taskId":{"id":"1","parents":[]},"eventTime":1789583161787,"message":"Compiling tasty-baseline (35%)","total":28,"progress":35,"dataKind":"compile-progress","data":{"target":{"uri":"file:/home/vdrake6/dotty-rs/tools/tasty-baseline/#tasty-baseline/Compile"}}})
[debug] jsonRpcNotify: JsonRpcNotificationMessage(2.0, build/taskProgress, {"taskId":{"id":"1","parents":[]},"eventTime":1789583161789,"message":"Compiling tasty-baseline (35%)","total":28,"progress":35,"dataKind":"compile-progress","data":{"target":{"uri":"file:/home/vdrake6/dotty-rs/tools/tasty-baseline/#tasty-baseline/Compile"}}})
[debug] jsonRpcNotify: JsonRpcNotificationMessage(2.0, build/taskProgress, {"taskId":{"id":"1","parents":[]},"eventTime":1789583161796,"message":"Compiling tasty-baseline (50%)","total":28,"progress":50,"dataKind":"compile-progress","data":{"target":{"uri":"file:/home/vdrake6/dotty-rs/tools/tasty-baseline/#tasty-baseline/Compile"}}})
[debug] jsonRpcNotify: JsonRpcNotificationMessage(2.0, build/taskProgress, {"taskId":{"id":"1","parents":[]},"eventTime":1789583161797,"message":"Compiling tasty-baseline (50%)","total":28,"progress":50,"dataKind":"compile-progress","data":{"target":{"uri":"file:/home/vdrake6/dotty-rs/tools/tasty-baseline/#tasty-baseline/Compile"}}})
[debug] jsonRpcNotify: JsonRpcNotificationMessage(2.0, build/taskProgress, {"taskId":{"id":"1","parents":[]},"eventTime":1789583161872,"message":"Compiling tasty-baseline (60%)","total":28,"progress":60,"dataKind":"compile-progress","data":{"target":{"uri":"file:/home/vdrake6/dotty-rs/tools/tasty-baseline/#tasty-baseline/Compile"}}})
[debug] jsonRpcNotify: JsonRpcNotificationMessage(2.0, build/taskProgress, {"taskId":{"id":"1","parents":[]},"eventTime":1789583161873,"message":"Compiling tasty-baseline (60%)","total":28,"progress":60,"dataKind":"compile-progress","data":{"target":{"uri":"file:/home/vdrake6/dotty-rs/tools/tasty-baseline/#tasty-baseline/Compile"}}})
[debug] jsonRpcNotify: JsonRpcNotificationMessage(2.0, build/taskProgress, {"taskId":{"id":"1","parents":[]},"eventTime":1789583161873,"message":"Compiling tasty-baseline (65%)","total":26,"progress":65,"dataKind":"compile-progress","data":{"target":{"uri":"file:/home/vdrake6/dotty-rs/tools/tasty-baseline/#tasty-baseline/Compile"}}})
[debug] jsonRpcNotify: JsonRpcNotificationMessage(2.0, build/taskProgress, {"taskId":{"id":"1","parents":[]},"eventTime":1789583162058,"message":"Compiling tasty-baseline (80%)","total":25,"progress":80,"dataKind":"compile-progress","data":{"target":{"uri":"file:/home/vdrake6/dotty-rs/tools/tasty-baseline/#tasty-baseline/Compile"}}})
[debug] jsonRpcNotify: JsonRpcNotificationMessage(2.0, build/taskProgress, {"taskId":{"id":"1","parents":[]},"eventTime":1789583162059,"message":"Compiling tasty-baseline (80%)","total":25,"progress":80,"dataKind":"compile-progress","data":{"target":{"uri":"file:/home/vdrake6/dotty-rs/tools/tasty-baseline/#tasty-baseline/Compile"}}})
[debug] jsonRpcNotify: JsonRpcNotificationMessage(2.0, build/taskProgress, {"taskId":{"id":"1","parents":[]},"eventTime":1789583162398,"message":"Compiling tasty-baseline (100%)","total":25,"progress":100,"dataKind":"compile-progress","data":{"target":{"uri":"file:/home/vdrake6/dotty-rs/tools/tasty-baseline/#tasty-baseline/Compile"}}})
[info] done compiling
[debug] jsonRpcNotify: JsonRpcNotificationMessage(2.0, build/logMessage, {"type":3,"message":"done compiling"})
[debug] jsonRpcNotify: JsonRpcNotificationMessage(2.0, build/publishDiagnostics, {"textDocument":{"uri":"file:///home/vdrake6/dotty-rs/tools/tasty-baseline/src/main/scala/dotty/baseline/Main.scala"},"buildTarget":{"uri":"file:/home/vdrake6/dotty-rs/tools/tasty-baseline/#tasty-baseline/Compile"},"diagnostics":[],"reset":true})
[debug] jsonRpcNotify: JsonRpcNotificationMessage(2.0, build/taskFinish, {"taskId":{"id":"1","parents":[]},"eventTime":1789583162473,"message":"Compiled tasty-baseline","status":1,"dataKind":"compile-report","data":{"target":{"uri":"file:/home/vdrake6/dotty-rs/tools/tasty-baseline/#tasty-baseline/Compile"},"errors":0,"warnings":0,"time":2392}})
[debug] > Exec(sbtCompleteExec 7f50717c-8273-4789-873f-9a2d20322dc5, None, None)
[debug] > Exec(resumeFromFailure, None, None)
[debug] > Exec(sbtPopOnFailure, None, None)
[debug] > Exec(sbtReportResult 7f50717c-8273-4789-873f-9a2d20322dc5, Some(7f50717c-8273-4789-873f-9a2d20322dc5), Some(CommandSource(network-1)))
[debug] jsonRpcNotify: JsonRpcNotificationMessage(2.0, build/logMessage, {"type":4,"message":"Processing sbt/exec"})
[debug] > Exec(shell, None, None)
[debug] jsonRpcNotify: JsonRpcNotificationMessage(2.0, sbt/exec, {"status":"Queued","channelName":"network-1","execId":"9170ef09-04f2-44aa-bb97-7cc8ebb7267c","commandQueue":[],"message":"waiting for: shell"})
[debug] jsonRpcNotify: JsonRpcNotificationMessage(2.0, shutdown, [true,null])
[debug] jsonRpcNotify: JsonRpcNotificationMessage(2.0, shutdown, [false,null])
